Archive member included to satisfy reference by file (symbol)

C:/ST/STM32CubeIDE_1.14.0/STM32CubeIDE/plugins/com.st.stm32cube.ide.mcu.externaltools.gnu-tools-for-stm32.11.3.rel1.win32_1.1.100.202309141235/tools/bin/../lib/gcc/arm-none-eabi/11.3.1/../../../../arm-none-eabi/lib/thumb/v7e-m+fp/hard\libc_nano.a(libc_a-exit.o)
                              C:/ST/STM32CubeIDE_1.14.0/STM32CubeIDE/plugins/com.st.stm32cube.ide.mcu.externaltools.gnu-tools-for-stm32.11.3.rel1.win32_1.1.100.202309141235/tools/bin/../lib/gcc/arm-none-eabi/11.3.1/../../../../arm-none-eabi/lib/thumb/v7e-m+fp/hard/crt0.o (exit)
C:/ST/STM32CubeIDE_1.14.0/STM32CubeIDE/plugins/com.st.stm32cube.ide.mcu.externaltools.gnu-tools-for-stm32.11.3.rel1.win32_1.1.100.202309141235/tools/bin/../lib/gcc/arm-none-eabi/11.3.1/../../../../arm-none-eabi/lib/thumb/v7e-m+fp/hard\libc_nano.a(libc_a-findfp.o)
                              C:/ST/STM32CubeIDE_1.14.0/STM32CubeIDE/plugins/com.st.stm32cube.ide.mcu.externaltools.gnu-tools-for-stm32.11.3.rel1.win32_1.1.100.202309141235/tools/bin/../lib/gcc/arm-none-eabi/11.3.1/../../../../arm-none-eabi/lib/thumb/v7e-m+fp/hard\libc_nano.a(libc_a-exit.o) (__stdio_exit_handler)
C:/ST/STM32CubeIDE_1.14.0/STM32CubeIDE/plugins/com.st.stm32cube.ide.mcu.externaltools.gnu-tools-for-stm32.11.3.rel1.win32_1.1.100.202309141235/tools/bin/../lib/gcc/arm-none-eabi/11.3.1/../../../../arm-none-eabi/lib/thumb/v7e-m+fp/hard\libc_nano.a(libc_a-fwalk.o)
                              C:/ST/STM32CubeIDE_1.14.0/STM32CubeIDE/plugins/com.st.stm32cube.ide.mcu.externaltools.gnu-tools-for-stm32.11.3.rel1.win32_1.1.100.202309141235/tools/bin/../lib/gcc/arm-none-eabi/11.3.1/../../../../arm-none-eabi/lib/thumb/v7e-m+fp/hard\libc_nano.a(libc_a-findfp.o) (_fwalk_sglue)
C:/ST/STM32CubeIDE_1.14.0/STM32CubeIDE/plugins/com.st.stm32cube.ide.mcu.externaltools.gnu-tools-for-stm32.11.3.rel1.win32_1.1.100.202309141235/tools/bin/../lib/gcc/arm-none-eabi/11.3.1/../../../../arm-none-eabi/lib/thumb/v7e-m+fp/hard\libc_nano.a(libc_a-snprintf.o)
                              ./Core/Src/ssd1306_tests.o (snprintf)
C:/ST/STM32CubeIDE_1.14.0/STM32CubeIDE/plugins/com.st.stm32cube.ide.mcu.externaltools.gnu-tools-for-stm32.11.3.rel1.win32_1.1.100.202309141235/tools/bin/../lib/gcc/arm-none-eabi/11.3.1/../../../../arm-none-eabi/lib/thumb/v7e-m+fp/hard\libc_nano.a(libc_a-stdio.o)
                              C:/ST/STM32CubeIDE_1.14.0/STM32CubeIDE/plugins/com.st.stm32cube.ide.mcu.externaltools.gnu-tools-for-stm32.11.3.rel1.win32_1.1.100.202309141235/tools/bin/../lib/gcc/arm-none-eabi/11.3.1/../../../../arm-none-eabi/lib/thumb/v7e-m+fp/hard\libc_nano.a(libc_a-findfp.o) (__sread)
C:/ST/STM32CubeIDE_1.14.0/STM32CubeIDE/plugins/com.st.stm32cube.ide.mcu.externaltools.gnu-tools-for-stm32.11.3.rel1.win32_1.1.100.202309141235/tools/bin/../lib/gcc/arm-none-eabi/11.3.1/../../../../arm-none-eabi/lib/thumb/v7e-m+fp/hard\libc_nano.a(libc_a-memmove.o)
                              ./Core/Src/ssd1306_tests.o (memmove)
C:/ST/STM32CubeIDE_1.14.0/STM32CubeIDE/plugins/com.st.stm32cube.ide.mcu.externaltools.gnu-tools-for-stm32.11.3.rel1.win32_1.1.100.202309141235/tools/bin/../lib/gcc/arm-none-eabi/11.3.1/../../../../arm-none-eabi/lib/thumb/v7e-m+fp/hard\libc_nano.a(libc_a-memset.o)
                              C:/ST/STM32CubeIDE_1.14.0/STM32CubeIDE/plugins/com.st.stm32cube.ide.mcu.externaltools.gnu-tools-for-stm32.11.3.rel1.win32_1.1.100.202309141235/tools/bin/../lib/gcc/arm-none-eabi/11.3.1/../../../../arm-none-eabi/lib/thumb/v7e-m+fp/hard/crt0.o (memset)
C:/ST/STM32CubeIDE_1.14.0/STM32CubeIDE/plugins/com.st.stm32cube.ide.mcu.externaltools.gnu-tools-for-stm32.11.3.rel1.win32_1.1.100.202309141235/tools/bin/../lib/gcc/arm-none-eabi/11.3.1/../../../../arm-none-eabi/lib/thumb/v7e-m+fp/hard\libc_nano.a(libc_a-closer.o)
                              C:/ST/STM32CubeIDE_1.14.0/STM32CubeIDE/plugins/com.st.stm32cube.ide.mcu.externaltools.gnu-tools-for-stm32.11.3.rel1.win32_1.1.100.202309141235/tools/bin/../lib/gcc/arm-none-eabi/11.3.1/../../../../arm-none-eabi/lib/thumb/v7e-m+fp/hard\libc_nano.a(libc_a-stdio.o) (_close_r)
C:/ST/STM32CubeIDE_1.14.0/STM32CubeIDE/plugins/com.st.stm32cube.ide.mcu.externaltools.gnu-tools-for-stm32.11.3.rel1.win32_1.1.100.202309141235/tools/bin/../lib/gcc/arm-none-eabi/11.3.1/../../../../arm-none-eabi/lib/thumb/v7e-m+fp/hard\libc_nano.a(libc_a-reent.o)
                              C:/ST/STM32CubeIDE_1.14.0/STM32CubeIDE/plugins/com.st.stm32cube.ide.mcu.externaltools.gnu-tools-for-stm32.11.3.rel1.win32_1.1.100.202309141235/tools/bin/../lib/gcc/arm-none-eabi/11.3.1/../../../../arm-none-eabi/lib/thumb/v7e-m+fp/hard\libc_nano.a(libc_a-closer.o) (errno)
C:/ST/STM32CubeIDE_1.14.0/STM32CubeIDE/plugins/com.st.stm32cube.ide.mcu.externaltools.gnu-tools-for-stm32.11.3.rel1.win32_1.1.100.202309141235/tools/bin/../lib/gcc/arm-none-eabi/11.3.1/../../../../arm-none-eabi/lib/thumb/v7e-m+fp/hard\libc_nano.a(libc_a-impure.o)
[...]
Memory Configuration

Name             Origin             Length             Attributes
RAM              0x0000000020000000 0x0000000000020000 xrw
FLASH            0x0000000008000000 0x0000000000080000 xr
*default*        0x0000000000000000 0xffffffffffffffff

Linker script and memory map

LOAD C:/ST/STM32CubeIDE_1.14.0/STM32CubeIDE/plugins/com.st.stm32cube.ide.mcu.externaltools.gnu-tools-for-stm32.11.3.rel1.win32_1.1.100.202309141235/tools/bin/../lib/gcc/arm-none-eabi/11.3.1/thumb/v7e-m+fp/hard/crti.o
LOAD C:/ST/STM32CubeIDE_1.14.0/STM32CubeIDE/plugins/com.st.stm32cube.ide.mcu.externaltools.gnu-tools-for-stm32.11.3.rel1.win32_1.1.100.202309141235/tools/bin/../lib/gcc/arm-none-eabi/11.3.1/thumb/v7e-m+fp/hard/crtbegin.o
LOAD C:/ST/STM32CubeIDE_1.14.0/STM32CubeIDE/plugins/com.st.stm32cube.ide.mcu.externaltools.gnu-tools-for-stm32.11.3.rel1.win32_1.1.100.202309141235/tools/bin/../lib/gcc/arm-none-eabi/11.3.1/../../../../arm-none-eabi/lib/thumb/v7e-m+fp/hard/crt0.o
LOAD ./Core/Src/main.o
LOAD ./Core/Src/ssd1306.o
LOAD ./Core/Src/ssd1306_fonts.o
LOAD ./Core/Src/ssd1306_tests.o
LOAD ./Core/Src/stm32f4xx_hal_msp.o
LOAD ./Core/Src/stm32f4xx_it.o
LOAD ./Core/Src/syscalls.o
LOAD ./Core/Src/sysmem.o
LOAD ./Core/Src/system_stm32f4xx.o
LOAD ./Core/Startup/startup_stm32f411ceux.o
LOAD ./Drivers/STM32F4xx_HAL_Driver/Src/stm32f4xx_hal.o
LOAD ./Drivers/STM32F4xx_HAL_Driver/Src/stm32f4xx_hal_cortex.o
LOAD ./Drivers/STM32F4xx_HAL_Driver/Src/stm32f4xx_hal_dma.o
LOAD ./Drivers/STM32F4xx_HAL_Driver/Src/stm32f4xx_hal_dma_ex.o
LOAD ./Drivers/STM32F4xx_HAL_Driver/Src/stm32f4xx_hal_exti.o
LOAD ./Drivers/STM32F4xx_HAL_Driver/Src/stm32f4xx_hal_flash.o
LOAD ./Drivers/STM32F4xx_HAL_Driver/Src/stm32f4xx_hal_flash_ex.o
LOAD ./Drivers/STM32F4xx_HAL_Driver/Src/stm32f4xx_hal_flash_ramfunc.o
LOAD ./Drivers/STM32F4xx_HAL_Driver/Src/stm32f4xx_hal_gpio.o
LOAD ./Drivers/STM32F4xx_HAL_Driver/Src/stm32f4xx_hal_i2c.o
LOAD ./Drivers/STM32F4xx_HAL_Driver/Src/stm32f4xx_hal_i2c_ex.o
LOAD ./Drivers/STM32F4xx_HAL_Driver/Src/stm32f4xx_hal_pwr.o
LOAD ./Drivers/STM32F4xx_HAL_Driver/Src/stm32f4xx_hal_pwr_ex.o
LOAD ./Drivers/STM32F4xx_HAL_Driver/Src/stm32f4xx_hal_rcc.o
LOAD ./Drivers/STM32F4xx_HAL_Driver/Src/stm32f4xx_hal_rcc_ex.o
LOAD ./Drivers/STM32F4xx_HAL_Driver/Src/stm32f4xx_hal_tim.o
LOAD ./Drivers/STM32F4xx_HAL_Driver/Src/stm32f4xx_hal_tim_ex.o
LOAD ./Drivers/STM32F4xx_HAL_Driver/Src/stm32f4xx_hal_uart.o
START GROUP
LOAD C:/ST/STM32CubeIDE_1.14.0/STM32CubeIDE/plugins/com.st.stm32cube.ide.mcu.externaltools.gnu-tools-for-stm32.11.3.rel1.win32_1.1.100.202309141235/tools/bin/../lib/gcc/arm-none-eabi/11.3.1/../../../../arm-none-eabi/lib/thumb/v7e-m+fp/hard\libc_nano.a
LOAD C:/ST/STM32CubeIDE_1.14.0/STM32CubeIDE/plugins/com.st.stm32cube.ide.mcu.externaltools.gnu-tools-for-stm32.11.3.rel1.win32_1.1.100.202309141235/tools/bin/../lib/gcc/arm-none-eabi/11.3.1/../../../../arm-none-eabi/lib/thumb/v7e-m+fp/hard\libm.a
END GROUP
START GROUP
LOAD C:/ST/STM32CubeIDE_1.14.0/STM32CubeIDE/plugins/com.st.stm32cube.ide.mcu.externaltools.gnu-tools-for-stm32.11.3.rel1.win32_1.1.100.202309141235/tools/bin/../lib/gcc/arm-none-eabi/11.3.1/thumb/v7e-m+fp/hard\libgcc.a
LOAD C:/ST/STM32CubeIDE_1.14.0/STM32CubeIDE/plugins/com.st.stm32cube.ide.mcu.externaltools.gnu-tools-for-stm32.11.3.rel1.win32_1.1.100.202309141235/tools/bin/../lib/gcc/arm-none-eabi/11.3.1/../../../../arm-none-eabi/lib/thumb/v7e-m+fp/hard\libc_nano.a
END GROUP
START GROUP
LOAD C:/ST/STM32CubeIDE_1.14.0/STM32CubeIDE/plugins/com.st.stm32cube.ide.mcu.externaltools.gnu-tools-for-stm32.11.3.rel1.win32_1.1.100.202309141235/tools/bin/../lib/gcc/arm-none-eabi/11.3.1/thumb/v7e-m+fp/hard\libgcc.a
LOAD C:/ST/STM32CubeIDE_1.14.0/STM32CubeIDE/plugins/com.st.stm32cube.ide.mcu.externaltools.gnu-tools-for-stm32.11.3.rel1.win32_1.1.100.202309141235/tools/bin/../lib/gcc/arm-none-eabi/11.3.1/../../../../arm-none-eabi/lib/thumb/v7e-m+fp/hard\libc_nano.a
LOAD C:/ST/STM32CubeIDE_1.14.0/STM32CubeIDE/plugins/com.st.stm32cube.ide.mcu.externaltools.gnu-tools-for-stm32.11.3.rel1.win32_1.1.100.202309141235/tools/bin/../lib/gcc/arm-none-eabi/11.3.1/../../../../arm-none-eabi/lib/thumb/v7e-m+fp/hard\libnosys.a
END GROUP
START GROUP
LOAD C:/ST/STM32CubeIDE_1.14.0/STM32CubeIDE/plugins/com.st.stm32cube.ide.mcu.externaltools.gnu-tools-for-stm32.11.3.rel1.win32_1.1.100.202309141235/tools/bin/../lib/gcc/arm-none-eabi/11.3.1/thumb/v7e-m+fp/hard\libgcc.a
LOAD C:/ST/STM32CubeIDE_1.14.0/STM32CubeIDE/plugins/com.st.stm32cube.ide.mcu.externaltools.gnu-tools-for-stm32.11.3.rel1.win32_1.1.100.202309141235/tools/bin/../lib/gcc/arm-none-eabi/11.3.1/../../../../arm-none-eabi/lib/thumb/v7e-m+fp/hard\libc_nano.a
LOAD C:/ST/STM32CubeIDE_1.14.0/STM32CubeIDE/plugins/com.st.stm32cube.ide.mcu.externaltools.gnu-tools-for-stm32.11.3.rel1.win32_1.1.100.202309141235/tools/bin/../lib/gcc/arm-none-eabi/11.3.1/../../../../arm-none-eabi/lib/thumb/v7e-m+fp/hard\libnosys.a
END GROUP
LOAD C:/ST/STM32CubeIDE_1.14.0/STM32CubeIDE/plugins/com.st.stm32cube.ide.mcu.externaltools.gnu-tools-for-stm32.11.3.rel1.win32_1.1.100.202309141235/tools/bin/../lib/gcc/arm-none-eabi/11.3.1/thumb/v7e-m+fp/hard/crtend.o
LOAD C:/ST/STM32CubeIDE_1.14.0/STM32CubeIDE/plugins/com.st.stm32cube.ide.mcu.externaltools.gnu-tools-for-stm32.11.3.rel1.win32_1.1.100.202309141235/tools/bin/../lib/gcc/arm-none-eabi/11.3.1/thumb/v7e-m+fp/hard/crtn.o
                0x0000000020020000                _estack = (ORIGIN (RAM) + LENGTH (RAM))
                0x0000000000000200                _Min_Heap_Size = 0x200
                0x0000000000000400                _Min_Stack_Size = 0x400

.isr_vector     0x0000000008000000      0x198
                0x0000000008000000                . = ALIGN (0x4)
 *(.isr_vector)
 .isr_vector    0x0000000008000000      0x198 ./Core/Startup/startup_stm32f411ceux.o
                0x0000000008000000                g_pfnVectors
                0x0000000008000198                . = ALIGN (0x4)

.text           0x0000000008000198     0x4658
                0x0000000008000198                . = ALIGN (0x4)
 *(.text)
 .text          0x0000000008000198       0x40 C:/ST/STM32CubeIDE_1.14.0/STM32CubeIDE/plugins/com.st.stm32cube.ide.mcu.externaltools.gnu-tools-for-stm32.11.3.rel1.win32_1.1.100.202309141235/tools/bin/../lib/gcc/arm-none-eabi/11.3.1/thumb/v7e-m+fp/hard/crtbegin.o
 .text          0x00000000080001d8       0x30 C:/ST/STM32CubeIDE_1.14.0/STM32CubeIDE/plugins/com.st.stm32cube.ide.mcu.externaltools.gnu-tools-for-stm32.11.3.rel1.win32_1.1.100.202309141235/tools/bin/../lib/gcc/arm-none-eabi/11.3.1/thumb/v7e-m+fp/hard\libgcc.a(_aeabi_uldivmod.o)
                0x00000000080001d8                __aeabi_uldivmod
 .text          0x0000000008000208      0x2c8 C:/ST/STM32CubeIDE_1.14.0/STM32CubeIDE/plugins/com.st.stm32cube.ide.mcu.externaltools.gnu-tools-for-stm32.11.3.rel1.win32_1.1.100.202309141235/tools/bin/../lib/gcc/arm-none-eabi/11.3.1/thumb/v7e-m+fp/hard\libgcc.a(_udivmoddi4.o)
                0x0000000008000208                __udivmoddi4
 .text          0x00000000080004d0        0x4 C:/ST/STM32CubeIDE_1.14.0/STM32CubeIDE/plugins/com.st.stm32cube.ide.mcu.externaltools.gnu-tools-for-stm32.11.3.rel1.win32_1.1.100.202309141235/tools/bin/../lib/gcc/arm-none-eabi/11.3.1/thumb/v7e-m+fp/hard\libgcc.a(_dvmd_tls.o)
                0x00000000080004d0                __aeabi_idiv0
                0x00000000080004d0                __aeabi_ldiv0
 *(.text*)
 .text.delay    0x00000000080004d4       0x34 ./Core/Src/main.o
                0x00000000080004d4                delay
 .text.check_clm
                0x0000000008000508       0xb8 ./Core/Src/main.o
                0x0000000008000508                check_clm
 .text.key_press
                0x00000000080005c0       0xc0 ./Core/Src/main.o
                0x00000000080005c0                key_press
 .text.cekKeypad
                0x0000000008000680      0x23c ./Core/Src/main.o
                0x0000000008000680                cekKeypad
 .text.gerakStepper
                0x00000000080008bc       0x84 ./Core/Src/main.o
                0x00000000080008bc                gerakStepper
 .text.main     0x0000000008000940       0xfc ./Core/Src/main.o
                0x0000000008000940                main
 .text.SystemClock_Config
                0x0000000008000a3c       0xd0 ./Core/Src/main.o
                0x0000000008000a3c                SystemClock_Config
 .text.MX_I2C1_Init
                0x0000000008000b0c       0x5c ./Core/Src/main.o
 .text.MX_TIM1_Init
                0x0000000008000b68      0x140 ./Core/Src/main.o
 .text.MX_USART1_UART_Init
                0x0000000008000ca8       0x54 ./Core/Src/main.o
 .text.MX_DMA_Init
                0x0000000008000cfc       0x40 ./Core/Src/main.o
 .text.MX_GPIO_Init
                0x0000000008000d3c      0x164 ./Core/Src/main.o
 .text.Error_Handler
                0x0000000008000ea0        0xa ./Core/Src/main.o
                0x0000000008000ea0                Error_Handler
 .text.ssd1306_Reset
                0x0000000008000eaa        0xe ./Core/Src/ssd1306.o
                0x0000000008000eaa                ssd1306_Reset
 .text.ssd1306_WriteCommand
                0x0000000008000eb8       0x30 ./Core/Src/ssd1306.o
                0x0000000008000eb8                ssd1306_WriteCommand
 .text.ssd1306_WriteData
                0x0000000008000ee8       0x34 ./Core/Src/ssd1306.o
                0x0000000008000ee8                ssd1306_WriteData
 .text.ssd1306_Init
                0x0000000008000f1c       0xd4 ./Core/Src/ssd1306.o
                0x0000000008000f1c                ssd1306_Init
 .text.ssd1306_Fill
                0x0000000008000ff0       0x30 ./Core/Src/ssd1306.o
                0x0000000008000ff0                ssd1306_Fill
 .text.ssd1306_UpdateScreen
                0x0000000008001020       0x50 ./Core/Src/ssd1306.o
                0x0000000008001020                ssd1306_UpdateScreen
 .text.ssd1306_DrawPixel
                0x0000000008001070       0xa8 ./Core/Src/ssd1306.o
                0x0000000008001070                ssd1306_DrawPixel
 .text.ssd1306_WriteChar
                0x0000000008001118      0x110 ./Core/Src/ssd1306.o
                0x0000000008001118                ssd1306_WriteChar
 .text.ssd1306_WriteString
                0x0000000008001228       0x4c ./Core/Src/ssd1306.o
                0x0000000008001228                ssd1306_WriteString
 .text.ssd1306_SetCursor
                0x0000000008001274       0x30 ./Core/Src/ssd1306.o
                0x0000000008001274                ssd1306_SetCursor
 .text.ssd1306_DrawBitmap
                0x00000000080012a4       0xb6 ./Core/Src/ssd1306.o
                0x00000000080012a4                ssd1306_DrawBitmap
 .text.ssd1306_SetContrast
                0x000000000800135a       0x26 ./Core/Src/ssd1306.o
                0x000000000800135a                ssd1306_SetContrast
 .text.ssd1306_SetDisplayOn
                0x0000000008001380       0x3c ./Core/Src/ssd1306.o
                0x0000000008001380                ssd1306_SetDisplayOn
 .text.HAL_MspInit
                0x00000000080013bc       0x50 ./Core/Src/stm32f4xx_hal_msp.o
                0x00000000080013bc                HAL_MspInit
 .text.HAL_I2C_MspInit
                0x000000000800140c       0x90 ./Core/Src/stm32f4xx_hal_msp.o
                0x000000000800140c                HAL_I2C_MspInit
 .text.HAL_TIM_Base_MspInit
                0x000000000800149c       0xa8 ./Core/Src/stm32f4xx_hal_msp.o
                0x000000000800149c                HAL_TIM_Base_MspInit
 .text.HAL_TIM_MspPostInit
                0x0000000008001544       0x74 ./Core/Src/stm32f4xx_hal_msp.o
                0x0000000008001544                HAL_TIM_MspPostInit
 .text.HAL_UART_MspInit
                0x00000000080015b8       0x90 ./Core/Src/stm32f4xx_hal_msp.o
                0x00000000080015b8                HAL_UART_MspInit
 .text.NMI_Handler
                0x0000000008001648        0x6 ./Core/Src/stm32f4xx_it.o
                0x0000000008001648                NMI_Handler
 .text.HardFault_Handler
                0x000000000800164e        0x6 ./Core/Src/stm32f4xx_it.o
                0x000000000800164e                HardFault_Handler
 .text.MemManage_Handler
                0x0000000008001654        0x6 ./Core/Src/stm32f4xx_it.o
                0x0000000008001654                MemManage_Handler
 .text.BusFault_Handler
                0x000000000800165a        0x6 ./Core/Src/stm32f4xx_it.o
                0x000000000800165a                BusFault_Handler
 .text.UsageFault_Handler
                0x0000000008001660        0x6 ./Core/Src/stm32f4xx_it.o
                0x0000000008001660                UsageFault_Handler
 .text.SVC_Handler
                0x0000000008001666        0xe ./Core/Src/stm32f4xx_it.o
                0x0000000008001666                SVC_Handler
 .text.DebugMon_Handler
                0x0000000008001674        0xe ./Core/Src/stm32f4xx_it.o
                0x0000000008001674                DebugMon_Handler
 .text.PendSV_Handler
                0x0000000008001682        0xe ./Core/Src/stm32f4xx_it.o
                0x0000000008001682                PendSV_Handler
 .text.SysTick_Handler
                0x0000000008001690        0xc ./Core/Src/stm32f4xx_it.o
                0x0000000008001690                SysTick_Handler
 .text.DMA2_Stream1_IRQHandler
                0x000000000800169c       0x14 ./Core/Src/stm32f4xx_it.o
                0x000000000800169c                DMA2_Stream1_IRQHandler
 .text.SystemInit
                0x00000000080016b0       0x24 ./Core/Src/system_stm32f4xx.o
                0x00000000080016b0                SystemInit
 .text.Reset_Handler
                0x00000000080016d4       0x50 ./Core/Startup/startup_stm32f411ceux.o
                0x00000000080016d4                Reset_Handler
 .text.Default_Handler
                0x0000000008001724        0x2 ./Core/Startup/startup_stm32f411ceux.o
                0x0000000008001724                RTC_Alarm_IRQHandler
                0x0000000008001724                EXTI2_IRQHandler
                0x0000000008001724                SPI4_IRQHandler
                0x0000000008001724                TIM1_CC_IRQHandler
                0x0000000008001724                DMA2_Stream5_IRQHandler
                0x0000000008001724                DMA1_Stream5_IRQHandler
                0x0000000008001724                PVD_IRQHandler
                0x0000000008001724                SDIO_IRQHandler
                0x0000000008001724                TAMP_STAMP_IRQHandler
                0x0000000008001724                EXTI3_IRQHandler
                0x0000000008001724                TIM1_UP_TIM10_IRQHandler
                0x0000000008001724                I2C3_ER_IRQHandler
                0x0000000008001724                EXTI0_IRQHandler
                0x0000000008001724                I2C2_EV_IRQHandler
                0x0000000008001724                DMA1_Stream2_IRQHandler
                0x0000000008001724                FPU_IRQHandler
                0x0000000008001724                DMA2_Stream2_IRQHandler
                0x0000000008001724                SPI1_IRQHandler
                0x0000000008001724                TIM1_BRK_TIM9_IRQHandler
                0x0000000008001724                DMA2_Stream3_IRQHandler
                0x0000000008001724                USART6_IRQHandler
                0x0000000008001724                DMA2_Stream0_IRQHandler
                0x0000000008001724                TIM4_IRQHandler
                0x0000000008001724                I2C1_EV_IRQHandler
                0x0000000008001724                DMA1_Stream6_IRQHandler
                0x0000000008001724                DMA1_Stream1_IRQHandler
                0x0000000008001724                TIM3_IRQHandler
                0x0000000008001724                RCC_IRQHandler
                0x0000000008001724                Default_Handler
                0x0000000008001724                EXTI15_10_IRQHandler
                0x0000000008001724                ADC_IRQHandler
                0x0000000008001724                DMA1_Stream7_IRQHandler
                0x0000000008001724                SPI5_IRQHandler
                0x0000000008001724                TIM5_IRQHandler
                0x0000000008001724                DMA2_Stream7_IRQHandler
                0x0000000008001724                I2C3_EV_IRQHandler
                0x0000000008001724                EXTI9_5_IRQHandler
                0x0000000008001724                RTC_WKUP_IRQHandler
                0x0000000008001724                SPI2_IRQHandler
                0x0000000008001724                DMA1_Stream0_IRQHandler
                0x0000000008001724                EXTI4_IRQHandler
                0x0000000008001724                WWDG_IRQHandler
                0x0000000008001724                TIM2_IRQHandler
                0x0000000008001724                OTG_FS_WKUP_IRQHandler
                0x0000000008001724                TIM1_TRG_COM_TIM11_IRQHandler
                0x0000000008001724                EXTI1_IRQHandler
                0x0000000008001724                USART2_IRQHandler
                0x0000000008001724                I2C2_ER_IRQHandler
                0x0000000008001724                FLASH_IRQHandler
                0x0000000008001724                DMA2_Stream4_IRQHandler
                0x0000000008001724                USART1_IRQHandler
                0x0000000008001724                OTG_FS_IRQHandler
                0x0000000008001724                SPI3_IRQHandler
                0x0000000008001724                DMA1_Stream4_IRQHandler
                0x0000000008001724                I2C1_ER_IRQHandler
                0x0000000008001724                DMA2_Stream6_IRQHandler
                0x0000000008001724                DMA1_Stream3_IRQHandler
 *fill*         0x0000000008001726        0x2 
 .text.HAL_Init
                0x0000000008001728       0x44 ./Drivers/STM32F4xx_HAL_Driver/Src/stm32f4xx_hal.o
                0x0000000008001728                HAL_Init
 .text.HAL_InitTick
                0x000000000800176c       0x60 ./Drivers/STM32F4xx_HAL_Driver/Src/stm32f4xx_hal.o
                0x000000000800176c                HAL_InitTick
 .text.HAL_IncTick
                0x00000000080017cc       0x28 ./Drivers/STM32F4xx_HAL_Driver/Src/stm32f4xx_hal.o
                0x00000000080017cc                HAL_IncTick
 .text.HAL_GetTick
                0x00000000080017f4       0x18 ./Drivers/STM32F4xx_HAL_Driver/Src/stm32f4xx_hal.o
                0x00000000080017f4                HAL_GetTick
 .text.HAL_Delay
                0x000000000800180c       0x48 ./Drivers/STM32F4xx_HAL_Driver/Src/stm32f4xx_hal.o
                0x000000000800180c                HAL_Delay
 .text.__NVIC_SetPriorityGrouping
                0x0000000008001854       0x48 ./Drivers/STM32F4xx_HAL_Driver/Src/stm32f4xx_hal_cortex.o
 .text.__NVIC_GetPriorityGrouping
                0x000000000800189c       0x1c ./Drivers/STM32F4xx_HAL_Driver/Src/stm32f4xx_hal_cortex.o
 .text.__NVIC_EnableIRQ
                0x00000000080018b8       0x3c ./Drivers/STM32F4xx_HAL_Driver/Src/stm32f4xx_hal_cortex.o
 .text.__NVIC_SetPriority
                0x00000000080018f4       0x54 ./Drivers/STM32F4xx_HAL_Driver/Src/stm32f4xx_hal_cortex.o
 .text.NVIC_EncodePriority
                0x0000000008001948       0x66 ./Drivers/STM32F4xx_HAL_Driver/Src/stm32f4xx_hal_cortex.o
 *fill*         0x00000000080019ae        0x2 
 .text.SysTick_Config
                0x00000000080019b0       0x44 ./Drivers/STM32F4xx_HAL_Driver/Src/stm32f4xx_hal_cortex.o
 .text.HAL_NVIC_SetPriorityGrouping
                0x00000000080019f4       0x16 ./Drivers/STM32F4xx_HAL_Driver/Src/stm32f4xx_hal_cortex.o
                0x00000000080019f4                HAL_NVIC_SetPriorityGrouping
 .text.HAL_NVIC_SetPriority
                0x0000000008001a0a       0x38 ./Drivers/STM32F4xx_HAL_Driver/Src/stm32f4xx_hal_cortex.o
                0x0000000008001a0a                HAL_NVIC_SetPriority
 .text.HAL_NVIC_EnableIRQ
                0x0000000008001a42       0x1c ./Drivers/STM32F4xx_HAL_Driver/Src/stm32f4xx_hal_cortex.o
                0x0000000008001a42                HAL_NVIC_EnableIRQ
 .text.HAL_SYSTICK_Config
                0x0000000008001a5e       0x18 ./Drivers/STM32F4xx_HAL_Driver/Src/stm32f4xx_hal_cortex.o
                0x0000000008001a5e                HAL_SYSTICK_Config
 *fill*         0x0000000008001a76        0x2 
 .text.HAL_DMA_Init
                0x0000000008001a78      0x15c ./Drivers/STM32F4xx_HAL_Driver/Src/stm32f4xx_hal_dma.o
                0x0000000008001a78                HAL_DMA_Init
 .text.HAL_DMA_IRQHandler
                0x0000000008001bd4      0x314 ./Drivers/STM32F4xx_HAL_Driver/Src/stm32f4xx_hal_dma.o
                0x0000000008001bd4                HAL_DMA_IRQHandler
 .text.DMA_CalcBaseAndBitshift
                0x0000000008001ee8       0x6c ./Drivers/STM32F4xx_HAL_Driver/Src/stm32f4xx_hal_dma.o
 .text.DMA_CheckFifoParam
                0x0000000008001f54       0xf8 ./Drivers/STM32F4xx_HAL_Driver/Src/stm32f4xx_hal_dma.o
 .text.HAL_GPIO_Init
                0x000000000800204c      0x308 ./Drivers/STM32F4xx_HAL_Driver/Src/stm32f4xx_hal_gpio.o
                0x000000000800204c                HAL_GPIO_Init
 .text.HAL_GPIO_ReadPin
                0x0000000008002354       0x30 ./Drivers/STM32F4xx_HAL_Driver/Src/stm32f4xx_hal_gpio.o
                0x0000000008002354                HAL_GPIO_ReadPin
 .text.HAL_GPIO_WritePin
                0x0000000008002384       0x32 ./Drivers/STM32F4xx_HAL_Driver/Src/stm32f4xx_hal_gpio.o
                0x0000000008002384                HAL_GPIO_WritePin
 *fill*         0x00000000080023b6        0x2 
 .text.HAL_I2C_Init
                0x00000000080023b8      0x288 ./Drivers/STM32F4xx_HAL_Driver/Src/stm32f4xx_hal_i2c.o
                0x00000000080023b8                HAL_I2C_Init
 .text.HAL_I2C_Mem_Write
                0x0000000008002640      0x1f4 ./Drivers/STM32F4xx_HAL_Driver/Src/stm32f4xx_hal_i2c.o
                0x0000000008002640                HAL_I2C_Mem_Write
 .text.I2C_RequestMemoryWrite
                0x0000000008002834      0x12c ./Drivers/STM32F4xx_HAL_Driver/Src/stm32f4xx_hal_i2c.o
 .text.I2C_WaitOnFlagUntilTimeout
                0x0000000008002960       0xae ./Drivers/STM32F4xx_HAL_Driver/Src/stm32f4xx_hal_i2c.o
 .text.I2C_WaitOnMasterAddressFlagUntilTimeout
                0x0000000008002a0e       0xfe ./Drivers/STM32F4xx_HAL_Driver/Src/stm32f4xx_hal_i2c.o
 .text.I2C_WaitOnTXEFlagUntilTimeout
                0x0000000008002b0c       0x82 ./Drivers/STM32F4xx_HAL_Driver/Src/stm32f4xx_hal_i2c.o
 .text.I2C_WaitOnBTFFlagUntilTimeout
                0x0000000008002b8e       0x82 ./Drivers/STM32F4xx_HAL_Driver/Src/stm32f4xx_hal_i2c.o
 .text.I2C_IsAcknowledgeFailed
                0x0000000008002c10       0x5e ./Drivers/STM32F4xx_HAL_Driver/Src/stm32f4xx_hal_i2c.o
 *fill*         0x0000000008002c6e        0x2 
 .text.HAL_RCC_OscConfig
                0x0000000008002c70      0x4f0 ./Drivers/STM32F4xx_HAL_Driver/Src/stm32f4xx_hal_rcc.o
                0x0000000008002c70                HAL_RCC_OscConfig
 .text.HAL_RCC_ClockConfig
                0x0000000008003160      0x1cc ./Drivers/STM32F4xx_HAL_Driver/Src/stm32f4xx_hal_rcc.o
                0x0000000008003160                HAL_RCC_ClockConfig
 .text.HAL_RCC_GetSysClockFreq
                0x000000000800332c      0x18c ./Drivers/STM32F4xx_HAL_Driver/Src/stm32f4xx_hal_rcc.o
                0x000000000800332c                HAL_RCC_GetSysClockFreq
 .text.HAL_RCC_GetHCLKFreq
                0x00000000080034b8       0x18 ./Drivers/STM32F4xx_HAL_Driver/Src/stm32f4xx_hal_rcc.o
                0x00000000080034b8                HAL_RCC_GetHCLKFreq
 .text.HAL_RCC_GetPCLK1Freq
                0x00000000080034d0       0x28 ./Drivers/STM32F4xx_HAL_Driver/Src/stm32f4xx_hal_rcc.o
                0x00000000080034d0                HAL_RCC_GetPCLK1Freq
 .text.HAL_RCC_GetPCLK2Freq
                0x00000000080034f8       0x28 ./Drivers/STM32F4xx_HAL_Driver/Src/stm32f4xx_hal_rcc.o
                0x00000000080034f8                HAL_RCC_GetPCLK2Freq
 .text.HAL_TIM_Base_Init
                0x0000000008003520       0x9e ./Drivers/STM32F4xx_HAL_Driver/Src/stm32f4xx_hal_tim.o
                0x0000000008003520                HAL_TIM_Base_Init
 .text.HAL_TIM_PWM_Init
                0x00000000080035be       0x9e ./Drivers/STM32F4xx_HAL_Driver/Src/stm32f4xx_hal_tim.o
                0x00000000080035be                HAL_TIM_PWM_Init
 .text.HAL_TIM_PWM_MspInit
                0x000000000800365c       0x14 ./Drivers/STM32F4xx_HAL_Driver/Src/stm32f4xx_hal_tim.o
                0x000000000800365c                HAL_TIM_PWM_MspInit
 .text.HAL_TIM_PWM_Start
                0x0000000008003670      0x160 ./Drivers/STM32F4xx_HAL_Driver/Src/stm32f4xx_hal_tim.o
                0x0000000008003670                HAL_TIM_PWM_Start
 .text.HAL_TIM_PWM_ConfigChannel
                0x00000000080037d0      0x184 ./Drivers/STM32F4xx_HAL_Driver/Src/stm32f4xx_hal_tim.o
                0x00000000080037d0                HAL_TIM_PWM_ConfigChannel
 .text.HAL_TIM_ConfigClockSource
                0x0000000008003954      0x18e ./Drivers/STM32F4xx_HAL_Driver/Src/stm32f4xx_hal_tim.o
                0x0000000008003954                HAL_TIM_ConfigClockSource
 *fill*         0x0000000008003ae2        0x2 
 .text.TIM_Base_SetConfig
                0x0000000008003ae4      0x100 ./Drivers/STM32F4xx_HAL_Driver/Src/stm32f4xx_hal_tim.o
                0x0000000008003ae4                TIM_Base_SetConfig
 .text.TIM_OC1_SetConfig
                0x0000000008003be4       0xcc ./Drivers/STM32F4xx_HAL_Driver/Src/stm32f4xx_hal_tim.o
 .text.TIM_OC2_SetConfig
                0x0000000008003cb0       0xd8 ./Drivers/STM32F4xx_HAL_Driver/Src/stm32f4xx_hal_tim.o
                0x0000000008003cb0                TIM_OC2_SetConfig
 .text.TIM_OC3_SetConfig
                0x0000000008003d88       0xd4 ./Drivers/STM32F4xx_HAL_Driver/Src/stm32f4xx_hal_tim.o
 .text.TIM_OC4_SetConfig
                0x0000000008003e5c       0xa0 ./Drivers/STM32F4xx_HAL_Driver/Src/stm32f4xx_hal_tim.o
 .text.TIM_TI1_ConfigInputStage
                0x0000000008003efc       0x5e ./Drivers/STM32F4xx_HAL_Driver/Src/stm32f4xx_hal_tim.o
 .text.TIM_TI2_ConfigInputStage
                0x0000000008003f5a       0x60 ./Drivers/STM32F4xx_HAL_Driver/Src/stm32f4xx_hal_tim.o
 .text.TIM_ITRx_SetConfig
                0x0000000008003fba       0x36 ./Drivers/STM32F4xx_HAL_Driver/Src/stm32f4xx_hal_tim.o
 .text.TIM_ETR_SetConfig
                0x0000000008003ff0       0x40 ./Drivers/STM32F4xx_HAL_Driver/Src/stm32f4xx_hal_tim.o
                0x0000000008003ff0                TIM_ETR_SetConfig
 .text.TIM_CCxChannelCmd
                0x0000000008004030       0x4a ./Drivers/STM32F4xx_HAL_Driver/Src/stm32f4xx_hal_tim.o
                0x0000000008004030                TIM_CCxChannelCmd
 *fill*         0x000000000800407a        0x2 
 .text.HAL_TIMEx_MasterConfigSynchronization
                0x000000000800407c       0xdc ./Drivers/STM32F4xx_HAL_Driver/Src/stm32f4xx_hal_tim_ex.o
                0x000000000800407c                HAL_TIMEx_MasterConfigSynchronization
 .text.HAL_TIMEx_ConfigBreakDeadTime
                0x0000000008004158       0xa4 ./Drivers/STM32F4xx_HAL_Driver/Src/stm32f4xx_hal_tim_ex.o
                0x0000000008004158                HAL_TIMEx_ConfigBreakDeadTime
 .text.HAL_UART_Init
                0x00000000080041fc       0x9a ./Drivers/STM32F4xx_HAL_Driver/Src/stm32f4xx_hal_uart.o
                0x00000000080041fc                HAL_UART_Init
 *fill*         0x0000000008004296        0x2 
 .text.UART_SetConfig
                0x0000000008004298      0x4e8 ./Drivers/STM32F4xx_HAL_Driver/Src/stm32f4xx_hal_uart.o
 .text.memset   0x0000000008004780       0x10 C:/ST/STM32CubeIDE_1.14.0/STM32CubeIDE/plugins/com.st.stm32cube.ide.mcu.externaltools.gnu-tools-for-stm32.11.3.rel1.win32_1.1.100.202309141235/tools/bin/../lib/gcc/arm-none-eabi/11.3.1/../../../../arm-none-eabi/lib/thumb/v7e-m+fp/hard\libc_nano.a(libc_a-memset.o)
                0x0000000008004780                memset
 .text.__libc_init_array
                0x0000000008004790       0x48 C:/ST/STM32CubeIDE_1.14.0/STM32CubeIDE/plugins/com.st.stm32cube.ide.mcu.externaltools.gnu-tools-for-stm32.11.3.rel1.win32_1.1.100.202309141235/tools/bin/../lib/gcc/arm-none-eabi/11.3.1/../../../../arm-none-eabi/lib/thumb/v7e-m+fp/hard\libc_nano.a(libc_a-init.o)
                0x0000000008004790                __libc_init_array
 *(.glue_7)
 .glue_7        0x00000000080047d8        0x0 linker stubs
 *(.glue_7t)
 .glue_7t       0x00000000080047d8        0x0 linker stubs
 *(.eh_frame)
 .eh_frame      0x00000000080047d8        0x0 C:/ST/STM32CubeIDE_1.14.0/STM32CubeIDE/plugins/com.st.stm32cube.ide.mcu.externaltools.gnu-tools-for-stm32.11.3.rel1.win32_1.1.100.202309141235/tools/bin/../lib/gcc/arm-none-eabi/11.3.1/thumb/v7e-m+fp/hard/crtbegin.o
 *(.init)
 .init          0x00000000080047d8        0x4 C:/ST/STM32CubeIDE_1.14.0/STM32CubeIDE/plugins/com.st.stm32cube.ide.mcu.externaltools.gnu-tools-for-stm32.11.3.rel1.win32_1.1.100.202309141235/tools/bin/../lib/gcc/arm-none-eabi/11.3.1/thumb/v7e-m+fp/hard/crti.o
                0x00000000080047d8                _init
 .init          0x00000000080047dc        0x8 C:/ST/STM32CubeIDE_1.14.0/STM32CubeIDE/plugins/com.st.stm32cube.ide.mcu.externaltools.gnu-tools-for-stm32.11.3.rel1.win32_1.1.100.202309141235/tools/bin/../lib/gcc/arm-none-eabi/11.3.1/thumb/v7e-m+fp/hard/crtn.o
 *(.fini)
 .fini          0x00000000080047e4        0x4 C:/ST/STM32CubeIDE_1.14.0/STM32CubeIDE/plugins/com.st.stm32cube.ide.mcu.externaltools.gnu-tools-for-stm32.11.3.rel1.win32_1.1.100.202309141235/tools/bin/../lib/gcc/arm-none-eabi/11.3.1/thumb/v7e-m+fp/hard/crti.o
                0x00000000080047e4                _fini
 .fini          0x00000000080047e8        0x8 C:/ST/STM32CubeIDE_1.14.0/STM32CubeIDE/plugins/com.st.stm32cube.ide.mcu.externaltools.gnu-tools-for-stm32.11.3.rel1.win32_1.1.100.202309141235/tools/bin/../lib/gcc/arm-none-eabi/11.3.1/thumb/v7e-m+fp/hard/crtn.o
                0x00000000080047f0                . = ALIGN (0x4)
                0x00000000080047f0                _etext = .

.vfp11_veneer   0x00000000080047f0        0x0
 .vfp11_veneer  0x00000000080047f0        0x0 linker stubs

.v4_bx          0x00000000080047f0        0x0
 .v4_bx         0x00000000080047f0        0x0 linker stubs

.iplt           0x00000000080047f0        0x0
 .iplt          0x00000000080047f0        0x0 C:/ST/STM32CubeIDE_1.14.0/STM32CubeIDE/plugins/com.st.stm32cube.ide.mcu.externaltools.gnu-tools-for-stm32.11.3.rel1.win32_1.1.100.202309141235/tools/bin/../lib/gcc/arm-none-eabi/11.3.1/thumb/v7e-m+fp/hard/crtbegin.o

.rodata         0x00000000080047f0     0x1630
                0x00000000080047f0                . = ALIGN (0x4)
 *(.rodata)
 .rodata        0x00000000080047f0       0x3e ./Core/Src/main.o
 *(.rodata*)
 *fill*         0x000000000800482e        0x2 
 .rodata.wsd_128x64
                0x0000000008004830      0x400 ./Core/Src/main.o
                0x0000000008004830                wsd_128x64
 .rodata.Font16x24
                0x0000000008004c30     0x11d0 ./Core/Src/ssd1306_fonts.o
 .rodata.AHBPrescTable
                0x0000000008005e00       0x10 ./Core/Src/system_stm32f4xx.o
                0x0000000008005e00                AHBPrescTable
 .rodata.APBPrescTable
                0x0000000008005e10        0x8 ./Core/Src/system_stm32f4xx.o
                0x0000000008005e10                APBPrescTable
 .rodata.flagBitshiftOffset.0
                0x0000000008005e18        0x8 ./Drivers/STM32F4xx_HAL_Driver/Src/stm32f4xx_hal_dma.o
                0x0000000008005e20                . = ALIGN (0x4)

.ARM.extab      0x0000000008005e20        0x0
                0x0000000008005e20                . = ALIGN (0x4)
 *(.ARM.extab* .gnu.linkonce.armextab.*)
                0x0000000008005e20                . = ALIGN (0x4)

.ARM            0x0000000008005e20        0x8
                0x0000000008005e20                . = ALIGN (0x4)
                0x0000000008005e20                __exidx_start = .
 *(.ARM.exidx*)
 .ARM.exidx     0x0000000008005e20        0x8 C:/ST/STM32CubeIDE_1.14.0/STM32CubeIDE/plugins/com.st.stm32cube.ide.mcu.externaltools.gnu-tools-for-stm32.11.3.rel1.win32_1.1.100.202309141235/tools/bin/../lib/gcc/arm-none-eabi/11.3.1/thumb/v7e-m+fp/hard\libgcc.a(_udivmoddi4.o)
                0x0000000008005e28                __exidx_end = .
                0x0000000008005e28                . = ALIGN (0x4)

.rel.dyn        0x0000000008005e28        0x0
 .rel.iplt      0x0000000008005e28        0x0 C:/ST/STM32CubeIDE_1.14.0/STM32CubeIDE/plugins/com.st.stm32cube.ide.mcu.externaltools.gnu-tools-for-stm32.11.3.rel1.win32_1.1.100.202309141235/tools/bin/../lib/gcc/arm-none-eabi/11.3.1/thumb/v7e-m+fp/hard/crtbegin.o

.preinit_array  0x0000000008005e28        0x0
                0x0000000008005e28                . = ALIGN (0x4)
                0x0000000008005e28                PROVIDE (__preinit_array_start = .)
 *(.preinit_array*)
                0x0000000008005e28                PROVIDE (__preinit_array_end = .)
                0x0000000008005e28                . = ALIGN (0x4)

.init_array     0x0000000008005e28        0x4
                0x0000000008005e28                . = ALIGN (0x4)
                0x0000000008005e28                PROVIDE (__init_array_start = .)
 *(SORT_BY_NAME(.init_array.*))
 *(.init_array*)
 .init_array    0x0000000008005e28        0x4 C:/ST/STM32CubeIDE_1.14.0/STM32CubeIDE/plugins/com.st.stm32cube.ide.mcu.externaltools.gnu-tools-for-stm32.11.3.rel1.win32_1.1.100.202309141235/tools/bin/../lib/gcc/arm-none-eabi/11.3.1/thumb/v7e-m+fp/hard/crtbegin.o
                0x0000000008005e2c                PROVIDE (__init_array_end = .)
                0x0000000008005e2c                . = ALIGN (0x4)

.fini_array     0x0000000008005e2c        0x4
                0x0000000008005e2c                . = ALIGN (0x4)
                [!provide]                        PROVIDE (__fini_array_start = .)
 *(SORT_BY_NAME(.fini_array.*))
 *(.fini_array*)
 .fini_array    0x0000000008005e2c        0x4 C:/ST/STM32CubeIDE_1.14.0/STM32CubeIDE/plugins/com.st.stm32cube.ide.mcu.externaltools.gnu-tools-for-stm32.11.3.rel1.win32_1.1.100.202309141235/tools/bin/../lib/gcc/arm-none-eabi/11.3.1/thumb/v7e-m+fp/hard/crtbegin.o
                [!provide]                        PROVIDE (__fini_array_end = .)
                0x0000000008005e30                . = ALIGN (0x4)
                0x0000000008005e30                _sidata = LOADADDR (.data)

.data           0x0000000020000000       0x14 load address 0x0000000008005e30
                0x0000000020000000                . = ALIGN (0x4)
                0x0000000020000000                _sdata = .
 *(.data)
 *(.data*)
 .data.Font_16x24
                0x0000000020000000        0x8 ./Core/Src/ssd1306_fonts.o
                0x0000000020000000                Font_16x24
 .data.SystemCoreClock
                0x0000000020000008        0x4 ./Core/Src/system_stm32f4xx.o
                0x0000000020000008                SystemCoreClock
 .data.uwTickPrio
                0x000000002000000c        0x4 ./Drivers/STM32F4xx_HAL_Driver/Src/stm32f4xx_hal.o
                0x000000002000000c                uwTickPrio
 .data.uwTickFreq
                0x0000000020000010        0x1 ./Drivers/STM32F4xx_HAL_Driver/Src/stm32f4xx_hal.o
                0x0000000020000010                uwTickFreq
 *(.RamFunc)
 *(.RamFunc*)
                0x0000000020000014                . = ALIGN (0x4)
 *fill*         0x0000000020000011        0x3 
                0x0000000020000014                _edata = .

.igot.plt       0x0000000020000014        0x0 load address 0x0000000008005e44
 .igot.plt      0x0000000020000014        0x0 C:/ST/STM32CubeIDE_1.14.0/STM32CubeIDE/plugins/com.st.stm32cube.ide.mcu.externaltools.gnu-tools-for-stm32.11.3.rel1.win32_1.1.100.202309141235/tools/bin/../lib/gcc/arm-none-eabi/11.3.1/thumb/v7e-m+fp/hard/crtbegin.o
                0x0000000020000014                . = ALIGN (0x4)

.bss            0x0000000020000014      0x56c load address 0x0000000008005e44
                0x0000000020000014                _sbss = .
                0x0000000020000014                __bss_start__ = _sbss
 *(.bss)
 .bss           0x0000000020000014       0x1c C:/ST/STM32CubeIDE_1.14.0/STM32CubeIDE/plugins/com.st.stm32cube.ide.mcu.externaltools.gnu-tools-for-stm32.11.3.rel1.win32_1.1.100.202309141235/tools/bin/../lib/gcc/arm-none-eabi/11.3.1/thumb/v7e-m+fp/hard/crtbegin.o
 *(.bss*)
 .bss.hi2c1     0x0000000020000030       0x54 ./Core/Src/main.o
                0x0000000020000030                hi2c1
 .bss.htim1     0x0000000020000084       0x48 ./Core/Src/main.o
                0x0000000020000084                htim1
 .bss.hdma_tim1_ch1
                0x00000000200000cc       0x60 ./Core/Src/main.o
                0x00000000200000cc                hdma_tim1_ch1
 .bss.huart1    0x000000002000012c       0x44 ./Core/Src/main.o
                0x000000002000012c                huart1
 .bss.var       0x0000000020000170        0x1 ./Core/Src/main.o
                0x0000000020000170                var
 *fill*         0x0000000020000171        0x3 
 .bss.SSD1306_Buffer
                0x0000000020000174      0x400 ./Core/Src/ssd1306.o
 .bss.SSD1306   0x0000000020000574        0x6 ./Core/Src/ssd1306.o
 *fill*         0x000000002000057a        0x2 
 .bss.uwTick    0x000000002000057c        0x4 ./Drivers/STM32F4xx_HAL_Driver/Src/stm32f4xx_hal.o
                0x000000002000057c                uwTick
 *(COMMON)
                0x0000000020000580                . = ALIGN (0x4)
                0x0000000020000580                _ebss = .
                0x0000000020000580                __bss_end__ = _ebss

._user_heap_stack
                0x0000000020000580      0x600 load address 0x0000000008005e44
                0x0000000020000580                . = ALIGN (0x8)
                [!provide]                        PROVIDE (end = .)
                0x0000000020000580                PROVIDE (_end = .)
                0x0000000020000780                . = (. + _Min_Heap_Size)
 *fill*         0x0000000020000580      0x200 
                0x0000000020000b80                . = (. + _Min_Stack_Size)
 *fill*         0x0000000020000780      0x400 
                0x0000000020000b80                . = ALIGN (0x8)

/DISCARD/
 libc.a(*)
 libm.a(*)
 libgcc.a(*)

.ARM.attributes
                0x0000000000000000       0x30
 *(.ARM.attributes)
 .ARM.attributes
                0x0000000000000000       0x1e C:/ST/STM32CubeIDE_1.14.0/STM32CubeIDE/plugins/com.st.stm32cube.ide.mcu.externaltools.gnu-tools-for-stm32.11.3.rel1.win32_1.1.100.202309141235/tools/bin/../lib/gcc/arm-none-eabi/11.3.1/thumb/v7e-m+fp/hard/crti.o
 .ARM.attributes
                0x000000000000001e       0x34 C:/ST/STM32CubeIDE_1.14.0/STM32CubeIDE/plugins/com.st.stm32cube.ide.mcu.externaltools.gnu-tools-for-stm32.11.3.rel1.win32_1.1.100.202309141235/tools/bin/../lib/gcc/arm-none-eabi/11.3.1/thumb/v7e-m+fp/hard/crtbegin.o
 .ARM.attributes
                0x0000000000000052       0x34 ./Core/Src/main.o
 .ARM.attributes
                0x0000000000000086       0x34 ./Core/Src/ssd1306.o
 .ARM.attributes
                0x00000000000000ba       0x34 ./Core/Src/ssd1306_fonts.o
 .ARM.attributes
                0x00000000000000ee       0x34 ./Core/Src/stm32f4xx_hal_msp.o
 .ARM.attributes
                0x0000000000000122       0x34 ./Core/Src/stm32f4xx_it.o
 .ARM.attributes
                0x0000000000000156       0x34 ./Core/Src/system_stm32f4xx.o
 .ARM.attributes
                0x000000000000018a       0x21 ./Core/Startup/startup_stm32f411ceux.o
 .ARM.attributes
                0x00000000000001ab       0x34 ./Drivers/STM32F4xx_HAL_Driver/Src/stm32f4xx_hal.o
 .ARM.attributes
                0x00000000000001df       0x34 ./Drivers/STM32F4xx_HAL_Driver/Src/stm32f4xx_hal_cortex.o
 .ARM.attributes
                0x0000000000000213       0x34 ./Drivers/STM32F4xx_HAL_Driver/Src/stm32f4xx_hal_dma.o
 .ARM.attributes
                0x0000000000000247       0x34 ./Drivers/STM32F4xx_HAL_Driver/Src/stm32f4xx_hal_gpio.o
 .ARM.attributes
                0x000000000000027b       0x34 ./Drivers/STM32F4xx_HAL_Driver/Src/stm32f4xx_hal_i2c.o
 .ARM.attributes
                0x00000000000002af       0x34 ./Drivers/STM32F4xx_HAL_Driver/Src/stm32f4xx_hal_rcc.o
 .ARM.attributes
                0x00000000000002e3       0x34 ./Drivers/STM32F4xx_HAL_Driver/Src/stm32f4xx_hal_tim.o
 .ARM.attributes
                0x0000000000000317       0x34 ./Drivers/STM32F4xx_HAL_Driver/Src/stm32f4xx_hal_tim_ex.o
 .ARM.attributes
                0x000000000000034b       0x34 ./Drivers/STM32F4xx_HAL_Driver/Src/stm32f4xx_hal_uart.o
 .ARM.attributes
                0x000000000000037f       0x34 C:/ST/STM32CubeIDE_1.14.0/STM32CubeIDE/plugins/com.st.stm32cube.ide.mcu.externaltools.gnu-tools-for-stm32.11.3.rel1.win32_1.1.100.202309141235/tools/bin/../lib/gcc/arm-none-eabi/11.3.1/../../../../arm-none-eabi/lib/thumb/v7e-m+fp/hard\libc_nano.a(libc_a-memset.o)
 .ARM.attributes
                0x00000000000003b3       0x34 C:/ST/STM32CubeIDE_1.14.0/STM32CubeIDE/plugins/com.st.stm32cube.ide.mcu.externaltools.gnu-tools-for-stm32.11.3.rel1.win32_1.1.100.202309141235/tools/bin/../lib/gcc/arm-none-eabi/11.3.1/../../../../arm-none-eabi/lib/thumb/v7e-m+fp/hard\libc_nano.a(libc_a-init.o)
 .ARM.attributes
                0x00000000000003e7       0x1e C:/ST/STM32CubeIDE_1.14.0/STM32CubeIDE/plugins/com.st.stm32cube.ide.mcu.externaltools.gnu-tools-for-stm32.11.3.rel1.win32_1.1.100.202309141235/tools/bin/../lib/gcc/arm-none-eabi/11.3.1/thumb/v7e-m+fp/hard\libgcc.a(_aeabi_uldivmod.o)
 .ARM.attributes
                0x0000000000000405       0x34 C:/ST/STM32CubeIDE_1.14.0/STM32CubeIDE/plugins/com.st.stm32cube.ide.mcu.externaltools.gnu-tools-for-stm32.11.3.rel1.win32_1.1.100.202309141235/tools/bin/../lib/gcc/arm-none-eabi/11.3.1/thumb/v7e-m+fp/hard\libgcc.a(_udivmoddi4.o)
 .ARM.attributes
                0x0000000000000439       0x1e C:/ST/STM32CubeIDE_1.14.0/STM32CubeIDE/plugins/com.st.stm32cube.ide.mcu.externaltools.gnu-tools-for-stm32.11.3.rel1.win32_1.1.100.202309141235/tools/bin/../lib/gcc/arm-none-eabi/11.3.1/thumb/v7e-m+fp/hard\libgcc.a(_dvmd_tls.o)
 .ARM.attributes
                0x0000000000000457       0x1e C:/ST/STM32CubeIDE_1.14.0/STM32CubeIDE/plugins/com.st.stm32cube.ide.mcu.externaltools.gnu-tools-for-stm32.11.3.rel1.win32_1.1.100.202309141235/tools/bin/../lib/gcc/arm-none-eabi/11.3.1/thumb/v7e-m+fp/hard/crtn.o
OUTPUT(WSD_Suction_Thorax.elf elf32-littlearm)
LOAD linker stubs
LOAD C:/ST/STM32CubeIDE_1.14.0/STM32CubeIDE/plugins/com.st.stm32cube.ide.mcu.externaltools.gnu-tools-for-stm32.11.3.rel1.win32_1.1.100.202309141235/tools/bin/../lib/gcc/arm-none-eabi/11.3.1/../../../../arm-none-eabi/lib/thumb/v7e-m+fp/hard\libc.a
LOAD C:/ST/STM32CubeIDE_1.14.0/STM32CubeIDE/plugins/com.st.stm32cube.ide.mcu.externaltools.gnu-tools-for-stm32.11.3.rel1.win32_1.1.100.202309141235/tools/bin/../lib/gcc/arm-none-eabi/11.3.1/../../../../arm-none-eabi/lib/thumb/v7e-m+fp/hard\libm.a
LOAD C:/ST/STM32CubeIDE_1.14.0/STM32CubeIDE/plugins/com.st.stm32cube.ide.mcu.externaltools.gnu-tools-for-stm32.11.3.rel1.win32_1.1.100.202309141235/tools/bin/../lib/gcc/arm-none-eabi/11.3.1/thumb/v7e-m+fp/hard\libgcc.a

.comment        0x0000000000000000       0x43
 .comment       0x0000000000000000       0x43 C:/ST/STM32CubeIDE_1.14.0/STM32CubeIDE/plugins/com.st.stm32cube.ide.mcu.externaltools.gnu-tools-for-stm32.11.3.rel1.win32_1.1.100.202309141235/tools/bin/../lib/gcc/arm-none-eabi/11.3.1/thumb/v7e-m+fp/hard/crtbegin.o
                                         0x44 (size before relaxing)
 .comment       0x0000000000000043       0x44 ./Core/Src/main.o
 .comment       0x0000000000000043       0x44 ./Core/Src/ssd1306.o
 .comment       0x0000000000000043       0x44 ./Core/Src/ssd1306_fonts.o
 .comment       0x0000000000000043       0x44 ./Core/Src/stm32f4xx_hal_msp.o
 .comment       0x0000000000000043       0x44 ./Core/Src/stm32f4xx_it.o
 .comment       0x0000000000000043       0x44 ./Core/Src/system_stm32f4xx.o
 .comment       0x0000000000000043       0x44 ./Drivers/STM32F4xx_HAL_Driver/Src/stm32f4xx_hal.o
 .comment       0x0000000000000043       0x44 ./Drivers/STM32F4xx_HAL_Driver/Src/stm32f4xx_hal_cortex.o
 .comment       0x0000000000000043       0x44 ./Drivers/STM32F4xx_HAL_Driver/Src/stm32f4xx_hal_dma.o
 .comment       0x0000000000000043       0x44 ./Drivers/STM32F4xx_HAL_Driver/Src/stm32f4xx_hal_gpio.o
 .comment       0x0000000000000043       0x44 ./Drivers/STM32F4xx_HAL_Driver/Src/stm32f4xx_hal_i2c.o
 .comment       0x0000000000000043       0x44 ./Drivers/STM32F4xx_HAL_Driver/Src/stm32f4xx_hal_rcc.o
 .comment       0x0000000000000043       0x44 ./Drivers/STM32F4xx_HAL_Driver/Src/stm32f4xx_hal_tim.o
 .comment       0x0000000000000043       0x44 ./Drivers/STM32F4xx_HAL_Driver/Src/stm32f4xx_hal_tim_ex.o
 .comment       0x0000000000000043       0x44 ./Drivers/STM32F4xx_HAL_Driver/Src/stm32f4xx_hal_uart.o

.debug_info     0x0000000000000000    0x10782
 .debug_info    0x0000000000000000     0x19e6 ./Core/Src/main.o
 .debug_info    0x00000000000019e6     0x11d9 ./Core/Src/ssd1306.o
 .debug_info    0x0000000000002bbf      0x216 ./Core/Src/ssd1306_fonts.o
 .debug_info    0x0000000000002dd5     0x10a9 ./Core/Src/stm32f4xx_hal_msp.o
 .debug_info    0x0000000000003e7e      0x3bf ./Core/Src/stm32f4xx_it.o
 .debug_info    0x000000000000423d      0x53e ./Core/Src/system_stm32f4xx.o
 .debug_info    0x000000000000477b       0x23 ./Core/Startup/startup_stm32f411ceux.o
 .debug_info    0x000000000000479e      0x8c4 ./Drivers/STM32F4xx_HAL_Driver/Src/stm32f4xx_hal.o
 .debug_info    0x0000000000005062      0xcb6 ./Drivers/STM32F4xx_HAL_Driver/Src/stm32f4xx_hal_cortex.o
 .debug_info    0x0000000000005d18      0x8e6 ./Drivers/STM32F4xx_HAL_Driver/Src/stm32f4xx_hal_dma.o
 .debug_info    0x00000000000065fe      0x6f9 ./Drivers/STM32F4xx_HAL_Driver/Src/stm32f4xx_hal_gpio.o
 .debug_info    0x0000000000006cf7     0x23f2 ./Drivers/STM32F4xx_HAL_Driver/Src/stm32f4xx_hal_i2c.o
 .debug_info    0x00000000000090e9      0x8f2 ./Drivers/STM32F4xx_HAL_Driver/Src/stm32f4xx_hal_rcc.o
 .debug_info    0x00000000000099db     0x2941 ./Drivers/STM32F4xx_HAL_Driver/Src/stm32f4xx_hal_tim.o
 .debug_info    0x000000000000c31c     0x14a7 ./Drivers/STM32F4xx_HAL_Driver/Src/stm32f4xx_hal_tim_ex.o
 .debug_info    0x000000000000d7c3     0x2fbf ./Drivers/STM32F4xx_HAL_Driver/Src/stm32f4xx_hal_uart.o

.debug_abbrev   0x0000000000000000     0x2368
 .debug_abbrev  0x0000000000000000      0x3a0 ./Core/Src/main.o
 .debug_abbrev  0x00000000000003a0      0x35c ./Core/Src/ssd1306.o
 .debug_abbrev  0x00000000000006fc       0xc6 ./Core/Src/ssd1306_fonts.o
 .debug_abbrev  0x00000000000007c2      0x23d ./Core/Src/stm32f4xx_hal_msp.o
 .debug_abbrev  0x00000000000009ff      0x138 ./Core/Src/stm32f4xx_it.o
 .debug_abbrev  0x0000000000000b37      0x11a ./Core/Src/system_stm32f4xx.o
 .debug_abbrev  0x0000000000000c51       0x12 ./Core/Startup/startup_stm32f411ceux.o
 .debug_abbrev  0x0000000000000c63      0x24b ./Drivers/STM32F4xx_HAL_Driver/Src/stm32f4xx_hal.o
 .debug_abbrev  0x0000000000000eae      0x327 ./Drivers/STM32F4xx_HAL_Driver/Src/stm32f4xx_hal_cortex.o
 .debug_abbrev  0x00000000000011d5      0x221 ./Drivers/STM32F4xx_HAL_Driver/Src/stm32f4xx_hal_dma.o
 .debug_abbrev  0x00000000000013f6      0x1d3 ./Drivers/STM32F4xx_HAL_Driver/Src/stm32f4xx_hal_gpio.o
 .debug_abbrev  0x00000000000015c9      0x2bc ./Drivers/STM32F4xx_HAL_Driver/Src/stm32f4xx_hal_i2c.o
 .debug_abbrev  0x0000000000001885      0x2b5 ./Drivers/STM32F4xx_HAL_Driver/Src/stm32f4xx_hal_rcc.o
 .debug_abbrev  0x0000000000001b3a      0x284 ./Drivers/STM32F4xx_HAL_Driver/Src/stm32f4xx_hal_tim.o
 .debug_abbrev  0x0000000000001dbe      0x28f ./Drivers/STM32F4xx_HAL_Driver/Src/stm32f4xx_hal_tim_ex.o
 .debug_abbrev  0x000000000000204d      0x31b ./Drivers/STM32F4xx_HAL_Driver/Src/stm32f4xx_hal_uart.o

.debug_aranges  0x0000000000000000      0xfe0
 .debug_aranges
                0x0000000000000000       0x88 ./Core/Src/main.o
 .debug_aranges
                0x0000000000000088       0xe0 ./Core/Src/ssd1306.o
 .debug_aranges
                0x0000000000000168       0x18 ./Core/Src/ssd1306_fonts.o
 .debug_aranges
                0x0000000000000180       0x58 ./Core/Src/stm32f4xx_hal_msp.o
 .debug_aranges
                0x00000000000001d8       0x68 ./Core/Src/stm32f4xx_it.o
 .debug_aranges
                0x0000000000000240       0x28 ./Core/Src/system_stm32f4xx.o
 .debug_aranges
                0x0000000000000268       0x28 ./Core/Startup/startup_stm32f411ceux.o
 .debug_aranges
                0x0000000000000290       0xf0 ./Drivers/STM32F4xx_HAL_Driver/Src/stm32f4xx_hal.o
 .debug_aranges
                0x0000000000000380      0x118 ./Drivers/STM32F4xx_HAL_Driver/Src/stm32f4xx_hal_cortex.o
 .debug_aranges
                0x0000000000000498       0x90 ./Drivers/STM32F4xx_HAL_Driver/Src/stm32f4xx_hal_dma.o
 .debug_aranges
                0x0000000000000528       0x58 ./Drivers/STM32F4xx_HAL_Driver/Src/stm32f4xx_hal_gpio.o
 .debug_aranges
                0x0000000000000580      0x2a0 ./Drivers/STM32F4xx_HAL_Driver/Src/stm32f4xx_hal_i2c.o
 .debug_aranges
                0x0000000000000820       0x88 ./Drivers/STM32F4xx_HAL_Driver/Src/stm32f4xx_hal_rcc.o
 .debug_aranges
                0x00000000000008a8      0x3d0 ./Drivers/STM32F4xx_HAL_Driver/Src/stm32f4xx_hal_tim.o
 .debug_aranges
                0x0000000000000c78      0x168 ./Drivers/STM32F4xx_HAL_Driver/Src/stm32f4xx_hal_tim_ex.o
 .debug_aranges
                0x0000000000000de0      0x200 ./Drivers/STM32F4xx_HAL_Driver/Src/stm32f4xx_hal_uart.o

.debug_rnglists
                0x0000000000000000      0xc8f
 .debug_rnglists
                0x0000000000000000       0x69 ./Core/Src/main.o
 .debug_rnglists
                0x0000000000000069       0xad ./Core/Src/ssd1306.o
 .debug_rnglists
                0x0000000000000116       0x40 ./Core/Src/stm32f4xx_hal_msp.o
 .debug_rnglists
                0x0000000000000156       0x49 ./Core/Src/stm32f4xx_it.o
 .debug_rnglists
                0x000000000000019f       0x1a ./Core/Src/system_stm32f4xx.o
 .debug_rnglists
                0x00000000000001b9       0x19 ./Core/Startup/startup_stm32f411ceux.o
 .debug_rnglists
                0x00000000000001d2       0xaf ./Drivers/STM32F4xx_HAL_Driver/Src/stm32f4xx_hal.o
 .debug_rnglists
                0x0000000000000281       0xce ./Drivers/STM32F4xx_HAL_Driver/Src/stm32f4xx_hal_cortex.o
 .debug_rnglists
                0x000000000000034f       0x70 ./Drivers/STM32F4xx_HAL_Driver/Src/stm32f4xx_hal_dma.o
 .debug_rnglists
                0x00000000000003bf       0x3f ./Drivers/STM32F4xx_HAL_Driver/Src/stm32f4xx_hal_gpio.o
 .debug_rnglists
                0x00000000000003fe      0x235 ./Drivers/STM32F4xx_HAL_Driver/Src/stm32f4xx_hal_i2c.o
 .debug_rnglists
                0x0000000000000633       0x66 ./Drivers/STM32F4xx_HAL_Driver/Src/stm32f4xx_hal_rcc.o
 .debug_rnglists
                0x0000000000000699      0x31a ./Drivers/STM32F4xx_HAL_Driver/Src/stm32f4xx_hal_tim.o
 .debug_rnglists
                0x00000000000009b3      0x125 ./Drivers/STM32F4xx_HAL_Driver/Src/stm32f4xx_hal_tim_ex.o
 .debug_rnglists
                0x0000000000000ad8      0x1b7 ./Drivers/STM32F4xx_HAL_Driver/Src/stm32f4xx_hal_uart.o

.debug_macro    0x0000000000000000    0x16ff5
 .debug_macro   0x0000000000000000      0x32d ./Core/Src/main.o
 .debug_macro   0x000000000000032d      0xaa8 ./Core/Src/main.o
 .debug_macro   0x0000000000000dd5      0x2a1 ./Core/Src/main.o
 .debug_macro   0x0000000000001076       0x2e ./Core/Src/main.o
 .debug_macro   0x00000000000010a4       0x28 ./Core/Src/main.o
 .debug_macro   0x00000000000010cc       0x22 ./Core/Src/main.o
 .debug_macro   0x00000000000010ee       0x8e ./Core/Src/main.o
 .debug_macro   0x000000000000117c       0x51 ./Core/Src/main.o
 .debug_macro   0x00000000000011cd      0x103 ./Core/Src/main.o
 .debug_macro   0x00000000000012d0       0x6a ./Core/Src/main.o
 .debug_macro   0x000000000000133a      0x1df ./Core/Src/main.o
 .debug_macro   0x0000000000001519       0x1c ./Core/Src/main.o
 .debug_macro   0x0000000000001535       0x22 ./Core/Src/main.o
 .debug_macro   0x0000000000001557       0xd9 ./Core/Src/main.o
 .debug_macro   0x0000000000001630     0x102d ./Core/Src/main.o
 .debug_macro   0x000000000000265d      0x11f ./Core/Src/main.o
 .debug_macro   0x000000000000277c     0xb953 ./Core/Src/main.o
 .debug_macro   0x000000000000e0cf       0x6d ./Core/Src/main.o
 .debug_macro   0x000000000000e13c     0x367e ./Core/Src/main.o
 .debug_macro   0x00000000000117ba      0x174 ./Core/Src/main.o
 .debug_macro   0x000000000001192e       0x5c ./Core/Src/main.o
 .debug_macro   0x000000000001198a      0x447 ./Core/Src/main.o
 .debug_macro   0x0000000000011dd1      0x9fe ./Core/Src/main.o
 .debug_macro   0x00000000000127cf      0x115 ./Core/Src/main.o
 .debug_macro   0x00000000000128e4      0x11b ./Core/Src/main.o
 .debug_macro   0x00000000000129ff       0xa5 ./Core/Src/main.o
 .debug_macro   0x0000000000012aa4      0x15f ./Core/Src/main.o
 .debug_macro   0x0000000000012c03      0x287 ./Core/Src/main.o
 .debug_macro   0x0000000000012e8a       0x5f ./Core/Src/main.o
 .debug_macro   0x0000000000012ee9      0x236 ./Core/Src/main.o
 .debug_macro   0x000000000001311f      0x132 ./Core/Src/main.o
 .debug_macro   0x0000000000013251      0x264 ./Core/Src/main.o
 .debug_macro   0x00000000000134b5       0x2e ./Core/Src/main.o
 .debug_macro   0x00000000000134e3      0x1b5 ./Core/Src/main.o
 .debug_macro   0x0000000000013698       0x22 ./Core/Src/main.o
 .debug_macro   0x00000000000136ba       0xd6 ./Core/Src/main.o
 .debug_macro   0x0000000000013790      0x11a ./Core/Src/main.o
 .debug_macro   0x00000000000138aa       0x85 ./Core/Src/main.o
 .debug_macro   0x000000000001392f       0x89 ./Core/Src/main.o
 .debug_macro   0x00000000000139b8      0x8e6 ./Core/Src/main.o
 .debug_macro   0x000000000001429e       0x47 ./Core/Src/main.o
 .debug_macro   0x00000000000142e5      0x295 ./Core/Src/main.o
 .debug_macro   0x000000000001457a      0x126 ./Core/Src/main.o
 .debug_macro   0x00000000000146a0       0x40 ./Core/Src/main.o
 .debug_macro   0x00000000000146e0       0x61 ./Core/Src/main.o
 .debug_macro   0x0000000000014741       0x2a ./Core/Src/main.o
 .debug_macro   0x000000000001476b       0x43 ./Core/Src/main.o
 .debug_macro   0x00000000000147ae       0x34 ./Core/Src/main.o
 .debug_macro   0x00000000000147e2       0x16 ./Core/Src/main.o
 .debug_macro   0x00000000000147f8       0x43 ./Core/Src/main.o
 .debug_macro   0x000000000001483b       0x34 ./Core/Src/main.o
 .debug_macro   0x000000000001486f       0x10 ./Core/Src/main.o
 .debug_macro   0x000000000001487f       0x58 ./Core/Src/main.o
 .debug_macro   0x00000000000148d7       0x8e ./Core/Src/main.o
 .debug_macro   0x0000000000014965       0x1c ./Core/Src/main.o
 .debug_macro   0x0000000000014981      0x177 ./Core/Src/main.o
 .debug_macro   0x0000000000014af8      0x369 ./Core/Src/main.o
 .debug_macro   0x0000000000014e61       0x10 ./Core/Src/main.o
 .debug_macro   0x0000000000014e71       0x35 ./Core/Src/main.o
 .debug_macro   0x0000000000014ea6       0x20 ./Core/Src/main.o
 .debug_macro   0x0000000000014ec6       0x1c ./Core/Src/main.o
 .debug_macro   0x0000000000014ee2       0x10 ./Core/Src/main.o
 .debug_macro   0x0000000000014ef2       0x1c ./Core/Src/main.o
 .debug_macro   0x0000000000014f0e       0x16 ./Core/Src/main.o
 .debug_macro   0x0000000000014f24      0x147 ./Core/Src/main.o
 .debug_macro   0x000000000001506b       0x40 ./Core/Src/main.o
 .debug_macro   0x00000000000150ab       0x10 ./Core/Src/main.o
 .debug_macro   0x00000000000150bb       0x40 ./Core/Src/main.o
 .debug_macro   0x00000000000150fb      0x31b ./Core/Src/ssd1306.o
 .debug_macro   0x0000000000015416       0x5b ./Core/Src/ssd1306.o
 .debug_macro   0x0000000000015471       0x94 ./Core/Src/ssd1306.o
 .debug_macro   0x0000000000015505       0x28 ./Core/Src/ssd1306.o
 .debug_macro   0x000000000001552d       0x57 ./Core/Src/ssd1306.o
 .debug_macro   0x0000000000015584      0x19b ./Core/Src/ssd1306.o
 .debug_macro   0x000000000001571f       0x16 ./Core/Src/ssd1306.o
 .debug_macro   0x0000000000015735       0x16 ./Core/Src/ssd1306.o
 .debug_macro   0x000000000001574b       0x29 ./Core/Src/ssd1306.o
 .debug_macro   0x0000000000015774       0x16 ./Core/Src/ssd1306.o
 .debug_macro   0x000000000001578a       0x20 ./Core/Src/ssd1306.o
 .debug_macro   0x00000000000157aa       0x76 ./Core/Src/ssd1306_fonts.o
 .debug_macro   0x0000000000015820      0x1f6 ./Core/Src/stm32f4xx_hal_msp.o
 .debug_macro   0x0000000000015a16      0x200 ./Core/Src/stm32f4xx_it.o
 .debug_macro   0x0000000000015c16      0x1e7 ./Core/Src/system_stm32f4xx.o
 .debug_macro   0x0000000000015dfd      0x247 ./Drivers/STM32F4xx_HAL_Driver/Src/stm32f4xx_hal.o
 .debug_macro   0x0000000000016044      0x1e7 ./Drivers/STM32F4xx_HAL_Driver/Src/stm32f4xx_hal_cortex.o
 .debug_macro   0x000000000001622b      0x1ed ./Drivers/STM32F4xx_HAL_Driver/Src/stm32f4xx_hal_dma.o
 .debug_macro   0x0000000000016418      0x1ed ./Drivers/STM32F4xx_HAL_Driver/Src/stm32f4xx_hal_gpio.o
 .debug_macro   0x0000000000016605      0x22e ./Drivers/STM32F4xx_HAL_Driver/Src/stm32f4xx_hal_i2c.o
 .debug_macro   0x0000000000016833      0x20b ./Drivers/STM32F4xx_HAL_Driver/Src/stm32f4xx_hal_rcc.o
 .debug_macro   0x0000000000016a3e      0x1e8 ./Drivers/STM32F4xx_HAL_Driver/Src/stm32f4xx_hal_tim.o
 .debug_macro   0x0000000000016c26      0x1e7 ./Drivers/STM32F4xx_HAL_Driver/Src/stm32f4xx_hal_tim_ex.o
 .debug_macro   0x0000000000016e0d      0x1e8 ./Drivers/STM32F4xx_HAL_Driver/Src/stm32f4xx_hal_uart.o

.debug_line     0x0000000000000000    0x13117
 .debug_line    0x0000000000000000      0xdbb ./Core/Src/main.o
 .debug_line    0x0000000000000dbb     0x1087 ./Core/Src/ssd1306.o
 .debug_line    0x0000000000001e42      0x434 ./Core/Src/ssd1306_fonts.o
 .debug_line    0x0000000000002276      0x8a9 ./Core/Src/stm32f4xx_hal_msp.o
 .debug_line    0x0000000000002b1f      0x85a ./Core/Src/stm32f4xx_it.o
 .debug_line    0x0000000000003379      0x801 ./Core/Src/system_stm32f4xx.o
 .debug_line    0x0000000000003b7a       0x7a ./Core/Startup/startup_stm32f411ceux.o
 .debug_line    0x0000000000003bf4      0xa67 ./Drivers/STM32F4xx_HAL_Driver/Src/stm32f4xx_hal.o
 .debug_line    0x000000000000465b      0xd16 ./Drivers/STM32F4xx_HAL_Driver/Src/stm32f4xx_hal_cortex.o
 .debug_line    0x0000000000005371      0xfcb ./Drivers/STM32F4xx_HAL_Driver/Src/stm32f4xx_hal_dma.o
 .debug_line    0x000000000000633c      0xb9f ./Drivers/STM32F4xx_HAL_Driver/Src/stm32f4xx_hal_gpio.o
 .debug_line    0x0000000000006edb     0x3a29 ./Drivers/STM32F4xx_HAL_Driver/Src/stm32f4xx_hal_i2c.o
 .debug_line    0x000000000000a904      0xdde ./Drivers/STM32F4xx_HAL_Driver/Src/stm32f4xx_hal_rcc.o
 .debug_line    0x000000000000b6e2     0x352d ./Drivers/STM32F4xx_HAL_Driver/Src/stm32f4xx_hal_tim.o
 .debug_line    0x000000000000ec0f     0x19ff ./Drivers/STM32F4xx_HAL_Driver/Src/stm32f4xx_hal_tim_ex.o
 .debug_line    0x000000000001060e     0x2b09 ./Drivers/STM32F4xx_HAL_Driver/Src/stm32f4xx_hal_uart.o

.debug_str      0x0000000000000000    0x91073
 .debug_str     0x0000000000000000    0x8cf8e ./Core/Src/main.o
                                      0x8d342 (size before relaxing)
 .debug_str     0x000000000008cf8e      0xc6c ./Core/Src/ssd1306.o
                                      0x8c95f (size before relaxing)
 .debug_str     0x000000000008dbfa       0x74 ./Core/Src/ssd1306_fonts.o
                                       0x3e94 (size before relaxing)
 .debug_str     0x000000000008dc6e       0xe4 ./Core/Src/stm32f4xx_hal_msp.o
                                      0x8906b (size before relaxing)
 .debug_str     0x000000000008dd52       0xf4 ./Core/Src/stm32f4xx_it.o
                                      0x88750 (size before relaxing)
 .debug_str     0x000000000008de46       0xdb ./Core/Src/system_stm32f4xx.o
                                      0x88527 (size before relaxing)
 .debug_str     0x000000000008df21       0x34 ./Core/Startup/startup_stm32f411ceux.o
                                         0x77 (size before relaxing)
 .debug_str     0x000000000008df55      0x60d ./Drivers/STM32F4xx_HAL_Driver/Src/stm32f4xx_hal.o
                                      0x88f53 (size before relaxing)
 .debug_str     0x000000000008e562      0x337 ./Drivers/STM32F4xx_HAL_Driver/Src/stm32f4xx_hal_cortex.o
                                      0x88c74 (size before relaxing)
 .debug_str     0x000000000008e899      0x2ee ./Drivers/STM32F4xx_HAL_Driver/Src/stm32f4xx_hal_dma.o
                                      0x8892f (size before relaxing)
 .debug_str     0x000000000008eb87      0x110 ./Drivers/STM32F4xx_HAL_Driver/Src/stm32f4xx_hal_gpio.o
                                      0x886a2 (size before relaxing)
 .debug_str     0x000000000008ec97      0xaae ./Drivers/STM32F4xx_HAL_Driver/Src/stm32f4xx_hal_i2c.o
                                      0x894e5 (size before relaxing)
 .debug_str     0x000000000008f745      0x213 ./Drivers/STM32F4xx_HAL_Driver/Src/stm32f4xx_hal_rcc.o
                                      0x8895b (size before relaxing)
 .debug_str     0x000000000008f958      0xd4c ./Drivers/STM32F4xx_HAL_Driver/Src/stm32f4xx_hal_tim.o
                                      0x8988f (size before relaxing)
 .debug_str     0x00000000000906a4      0x3e1 ./Drivers/STM32F4xx_HAL_Driver/Src/stm32f4xx_hal_tim_ex.o
                                      0x890ab (size before relaxing)
 .debug_str     0x0000000000090a85      0x5ee ./Drivers/STM32F4xx_HAL_Driver/Src/stm32f4xx_hal_uart.o
                                      0x88ee8 (size before relaxing)

.debug_frame    0x0000000000000000     0x4420
 .debug_frame   0x0000000000000000      0x1f4 ./Core/Src/main.o
 .debug_frame   0x00000000000001f4      0x3bc ./Core/Src/ssd1306.o
 .debug_frame   0x00000000000005b0      0x134 ./Core/Src/stm32f4xx_hal_msp.o
 .debug_frame   0x00000000000006e4      0x120 ./Core/Src/stm32f4xx_it.o
 .debug_frame   0x0000000000000804       0x58 ./Core/Src/system_stm32f4xx.o
 .debug_frame   0x000000000000085c      0x374 ./Drivers/STM32F4xx_HAL_Driver/Src/stm32f4xx_hal.o
 .debug_frame   0x0000000000000bd0      0x498 ./Drivers/STM32F4xx_HAL_Driver/Src/stm32f4xx_hal_cortex.o
 .debug_frame   0x0000000000001068      0x250 ./Drivers/STM32F4xx_HAL_Driver/Src/stm32f4xx_hal_dma.o
 .debug_frame   0x00000000000012b8      0x14c ./Drivers/STM32F4xx_HAL_Driver/Src/stm32f4xx_hal_gpio.o
 .debug_frame   0x0000000000001404      0xc5c ./Drivers/STM32F4xx_HAL_Driver/Src/stm32f4xx_hal_i2c.o
 .debug_frame   0x0000000000002060      0x1f4 ./Drivers/STM32F4xx_HAL_Driver/Src/stm32f4xx_hal_rcc.o
 .debug_frame   0x0000000000002254     0x11bc ./Drivers/STM32F4xx_HAL_Driver/Src/stm32f4xx_hal_tim.o
 .debug_frame   0x0000000000003410      0x638 ./Drivers/STM32F4xx_HAL_Driver/Src/stm32f4xx_hal_tim_ex.o
 .debug_frame   0x0000000000003a48      0x92c ./Drivers/STM32F4xx_HAL_Driver/Src/stm32f4xx_hal_uart.o
 .debug_frame   0x0000000000004374       0x20 C:/ST/STM32CubeIDE_1.14.0/STM32CubeIDE/plugins/com.st.stm32cube.ide.mcu.externaltools.gnu-tools-for-stm32.11.3.rel1.win32_1.1.100.202309141235/tools/bin/../lib/gcc/arm-none-eabi/11.3.1/../../../../arm-none-eabi/lib/thumb/v7e-m+fp/hard\libc_nano.a(libc_a-memset.o)
 .debug_frame   0x0000000000004394       0x2c C:/ST/STM32CubeIDE_1.14.0/STM32CubeIDE/plugins/com.st.stm32cube.ide.mcu.externaltools.gnu-tools-for-stm32.11.3.rel1.win32_1.1.100.202309141235/tools/bin/../lib/gcc/arm-none-eabi/11.3.1/../../../../arm-none-eabi/lib/thumb/v7e-m+fp/hard\libc_nano.a(libc_a-init.o)
 .debug_frame   0x00000000000043c0       0x2c C:/ST/STM32CubeIDE_1.14.0/STM32CubeIDE/plugins/com.st.stm32cube.ide.mcu.externaltools.gnu-tools-for-stm32.11.3.rel1.win32_1.1.100.202309141235/tools/bin/../lib/gcc/arm-none-eabi/11.3.1/thumb/v7e-m+fp/hard\libgcc.a(_aeabi_uldivmod.o)
 .debug_frame   0x00000000000043ec       0x34 C:/ST/STM32CubeIDE_1.14.0/STM32CubeIDE/plugins/com.st.stm32cube.ide.mcu.externaltools.gnu-tools-for-stm32.11.3.rel1.win32_1.1.100.202309141235/tools/bin/../lib/gcc/arm-none-eabi/11.3.1/thumb/v7e-m+fp/hard\libgcc.a(_udivmoddi4.o)

.debug_line_str
                0x0000000000000000       0x6b
 .debug_line_str
                0x0000000000000000       0x6b ./Core/Startup/startup_stm32f411ceux.o
                                         0x83 (size before relaxing)
