../Core/Src/main.c:72:15:check_clm	24	static
../Core/Src/main.c:94:15:key_press	32	static
../Core/Src/main.c:122:6:cekKeypad	16	static
../Core/Src/main.c:213:5:main	8	static
../Core/Src/main.c:313:6:SystemClock_Config	88	static
../Core/Src/main.c:359:13:MX_I2C1_Init	8	static
../Core/Src/main.c:393:13:MX_TIM1_Init	96	static
../Core/Src/main.c:468:13:MX_USART1_UART_Init	8	static
../Core/Src/main.c:499:13:MX_DMA_Init	16	static
../Core/Src/main.c:517:13:MX_GPIO_Init	48	static
../Core/Src/main.c:591:6:Error_Handler	4	static,ignoring_inline_asm
