../Core/Src/main.c:71:6:delay	16	static
../Core/Src/main.c:76:15:check_clm	24	static
../Core/Src/main.c:98:15:key_press	32	static
../Core/Src/main.c:126:6:cekKeypad	16	static
../Core/Src/main.c:210:7:mape	32	static
../Core/Src/main.c:214:6:gerakStepper	32	static
../Core/Src/main.c:235:5:main	8	static
../Core/Src/main.c:323:6:SystemClock_Config	88	static
../Core/Src/main.c:369:13:MX_I2C1_Init	8	static
../Core/Src/main.c:403:13:MX_TIM1_Init	96	static
../Core/Src/main.c:478:13:MX_USART1_UART_Init	8	static
../Core/Src/main.c:509:13:MX_DMA_Init	16	static
../Core/Src/main.c:527:13:MX_GPIO_Init	48	static
../Core/Src/main.c:601:6:Error_Handler	4	static,ignoring_inline_asm
