../Core/Src/ssd1306_tests.c:113:6:ssd1306_TestBorder	16	static
../Core/Src/ssd1306_tests.c:139:6:ssd1306_TestFonts1	16	static
../Core/Src/ssd1306_tests.c:172:6:ssd1306_TestFonts2	32	static
../Core/Src/ssd1306_tests.c:194:6:ssd1306_TestFPS	112	static
../Core/Src/ssd1306_tests.c:232:6:ssd1306_TestLine	16	static
../Core/Src/ssd1306_tests.c:240:6:ssd1306_TestRectangle	32	static
../Core/Src/ssd1306_tests.c:250:6:ssd1306_TestRectangleFill	16	static
../Core/Src/ssd1306_tests.c:258:6:ssd1306_TestCircle	16	static
../Core/Src/ssd1306_tests.c:273:6:ssd1306_TestArc	16	static
../Core/Src/ssd1306_tests.c:280:6:ssd1306_TestPolyline	32	static
../Core/Src/ssd1306_tests.c:297:6:ssd1306_TestDrawBitmap	16	static
../Core/Src/ssd1306_tests.c:312:6:ssd1306_TestAll	8	static
